Nothing to build in platform 'gps_design_wrapper'

17:32:37 **** Incremental Build of configuration Debug for project gps ****
make all 
make --no-print-directory pre-build
a9-linaro-pre-build-step
' '
make --no-print-directory main-build
'Building file: ../src/main.c'
'Invoking: ARM v7 gcc compiler'
arm-none-eabi-gcc -Wall -O0 -g3 -c -fmessage-length=0 -MT"src/main.o" -mcpu=cortex-a9 -mfpu=vfpv3 -mfloat-abi=hard -IC:/Users/johnr/Projects/EmbeddedSystems2_FinalProject/singlePmods/workspace_gps/gps_design_wrapper/export/gps_design_wrapper/sw/gps_design_wrapper/standalone_ps7_cortexa9_0/bspinclude/include -MMD -MP -MF"src/main.d" -MT"src/main.o" -o "src/main.o" "../src/main.c"
'Finished building: ../src/main.c'
' '
'Building target: gps.elf'
'Invoking: ARM v7 gcc linker'
arm-none-eabi-gcc -mcpu=cortex-a9 -mfpu=vfpv3 -mfloat-abi=hard -Wl,-build-id=none -specs=Xilinx.spec -Wl,-T -Wl,../src/lscript.ld -LC:/Users/johnr/Projects/EmbeddedSystems2_FinalProject/singlePmods/workspace_gps/gps_design_wrapper/export/gps_design_wrapper/sw/gps_design_wrapper/standalone_ps7_cortexa9_0/bsplib/lib -o "gps.elf"  ./src/main.o   -Wl,--start-group,-lxil,-lgcc,-lc,--end-group
'Finished building target: gps.elf'
' '
'Invoking: ARM v7 Print Size'
arm-none-eabi-size gps.elf  |tee "gps.elf.size"
   text	   data	    bss	    dec	    hex	filename
  83427	   3344	  23936	 110707	  1b073	gps.elf
'Finished building: gps.elf.size'
' '
